nohup: ignoring input
{"time":"2026-01-04T01:36:56.5007831+05:30","level":"INFO","msg":"Worker starting..."}
{"time":"2026-01-04T01:36:57.9310504+05:30","level":"INFO","msg":" MongoDB connected"}
[GIN-debug] [WARNING] Creating an Engine instance with the Logger and Recovery middleware already attached.

[GIN-debug] [WARNING] Running in "debug" mode. Switch to "release" mode in production.
 - using env:	export GIN_MODE=release
 - using code:	gin.SetMode(gin.ReleaseMode)

[GIN-debug] GET    /admin/status             --> jobqueue/controllers.(*AdminController).Status-fm (3 handlers)
[GIN-debug] POST   /admin/pause              --> jobqueue/controllers.(*AdminController).Pause-fm (3 handlers)
[GIN-debug] POST   /admin/resume             --> jobqueue/controllers.(*AdminController).Resume-fm (3 handlers)
[GIN-debug] Listening and serving HTTP on :8001
{"time":"2026-01-04T01:36:57.9321841+05:30","level":"INFO","msg":"Retry scheduler started"}
[GIN] 2026/01/04 - 01:37:12 | 200 |       2.363ms |             ::1 | GET      "/admin/status"
[GIN] 2026/01/04 - 01:37:18 | 200 |      4.4452ms |             ::1 | GET      "/admin/status"
[GIN] 2026/01/04 - 01:37:27 | 200 |      4.4385ms |             ::1 | GET      "/admin/status"
[GIN] 2026/01/04 - 01:38:55 | 200 |      2.7217ms |             ::1 | POST     "/admin/pause"
[GIN] 2026/01/04 - 01:39:07 | 200 |      6.5421ms |             ::1 | GET      "/admin/status"
[GIN] 2026/01/04 - 01:39:17 | 200 |            0s |             ::1 | POST     "/admin/pause"
[GIN] 2026/01/04 - 01:39:21 | 200 |      3.5946ms |             ::1 | GET      "/admin/status"
[GIN] 2026/01/04 - 01:39:29 | 200 |            0s |             ::1 | POST     "/admin/resume"
